[Test]
General.ssh.public.key = <change_me>
General.verbosity = 3

# Example configuration for Ultimum
openstack.multiplicity = 2
openstack.endpoint = https://console.ulticloud.com:5000/v2.0/tokens
openstack.username = <change_me>
openstack.password = <change_me>
openstack.tenant.name = <change_me>
openstack.private.key =
openstack.security.groups = default
openstack.imageid = 970da64c-c4be-4bb3-879b-75433751e71f
openstack.intance.type = Basic
openstack.network.type = Private
openstack.network.private = private
openstack.service.type = compute
openstack.service.name = nova
openstack.service.region = RegionOne

# Example configuration for CloudFerro
openstack.multiplicity = 2
openstack.endpoint = https://eocloud.eu:5000
openstack.username = <change_me>
openstack.password = <change_me>
openstack.tenant.name = cloud_00252 project_with_eo
openstack.domain.name = cloud_00252
openstack.identity.version = v3
openstack.security.groups = slipstream_managed
openstack.imageid = 75c79e52-3fc9-4339-9a7c-e64ca3ca75fb
openstack.intance.type = eo1.small
#openstack.network.type = Private
openstack.network.type = Public
openstack.network.private = private_network_00252
openstack.network.public = external-network
openstack.floating.ips = true
openstack.service.type = compute
openstack.service.name = nova
openstack.service.region = RegionOne
