[Test]
openstack.username = 
openstack.password = 
openstack.tenant.name = 
openstack.keystone.url = 
openstack.keypair.name = 
openstack.security.group = 
openstack.imageid = 
OPENSTACK_SERVICE_TYPE = compute
OPENSTACK_SERVICE_NAME = nova
OPENSTACK_SERVICE_REGION = RegionOne
openstack.private.key =  
