[Test]
General.ssh.public.key = <change_me>
General.verbosity = 3

# Ultimum
openstack.endpoint = https://console.ulticloud.com:5000/v2.0/tokens
openstack.username = <change_me>
openstack.password = <change_me>
openstack.tenant.name = <change_me>
openstack.private.key =
openstack.security.groups = default
openstack.imageid = 970da64c-c4be-4bb3-879b-75433751e71f
openstack.intance.type = Basic
openstack.network.type = Private
openstack.network.private = private
openstack.service.type = compute
openstack.service.name = nova
openstack.service.region = RegionOne
