[Test]
[Test]
General.ssh.public.key = <change_me>
General.verbosity = 3

# Ultimum
opennebula.endpoint = https://console.ulticloud.com:5000/v2.0/tokens
opennebula.username = <change_me>
opennebula.password = <change_me>
opennebula.private.key =
opennebula.imageid = 970da64c-c4be-4bb3-879b-75433751e71f
opennebula.intance.type = Basic
