[Test]
General.ssh.public.key = <change_me>
General.verbosity = 3

cloudstack.endpoint = https://api.exoscale.ch/compute
cloudstack.key = <change_me>
cloudstack.secret = <change_me>
cloudstack.zone = CH-GV2
cloudstack.template = 605d1ad4-b3b2-4b60-af99-843c7b8278f8
cloudstack.instance.type = Micro
cloudstack.security.groups = default
cloudstack.max.iaas.workers = 2
